---
source: src/parser.rs
expression: config
---
{
  "keybindings": []
}
