---
source: src/parser.rs
expression: config
---
{
  "keybindings": [
    {
      "type": "keysym",
      "modifiers": [
        "Mod4"
      ],
      "key": "x",
      "command": "exec --no-startup-id import /tmp/latest-screenshot.png"
    }
  ]
}
