---
source: src/parser.rs
expression: config
---
{
  "keybindings": [
    {
      "type": "button",
      "modifiers": [],
      "key": "8",
      "command": "move right"
    }
  ]
}
